# @generated
# To regenerate, run:
# ```
# STARLARK_RUST_REGENERATE_GOLDEN_TESTS=1 cargo test -p starlark --lib tests
# ```

Code:
def foo(x: list.type) -> bool.type:
    return type(x) == list.type
foo([1,2,3])

No errors.
