# @generated
# To regenerate, run:
# ```
# STARLARK_RUST_REGENERATE_GOLDEN_TESTS=1 cargo test -p starlark --lib tests
# ```

Code:
hash(1)

Error:
error: Expected type `str.type` but got `int.type`
 --> filename:1:1
  |
1 | hash(1)
  | ^^^^^^^
  |
