# @generated
# To regenerate, run:
# ```
# STARLARK_RUST_REGENERATE_GOLDEN_TESTS=1 cargo test -p starlark --lib tests
# ```

Code:
def foo(x: [bool.type]) -> str.type:
    return "test"

No errors.
